[{"name":"chars1","status":"same","oldValue":["a","b","c"],"newValue":["a","b","c"]},{"name":"chars2","status":"updated","oldValue":["d","e","f"],"newValue":false},{"name":"checked","status":"updated","oldValue":false,"newValue":true},{"name":"default","status":"updated","oldValue":null,"newValue":["value1","value2"]},{"name":"id","status":"updated","oldValue":45,"newValue":null},{"name":"key1","status":"removed","oldValue":"value1","newValue":null},{"name":"key2","status":"added","oldValue":null,"newValue":"value2"},{"name":"numbers1","status":"same","oldValue":[1,2,3,4],"newValue":[1,2,3,4]},{"name":"numbers2","status":"updated","oldValue":[2,3,4,5],"newValue":[22,33,44,55]},{"name":"numbers3","status":"removed","oldValue":[3,4,5],"newValue":null},{"name":"numbers4","status":"added","oldValue":null,"newValue":[4,5,6]},{"name":"obj1","status":"added","oldValue":null,"newValue":{"nestedKey":"value","isNested":true}},{"name":"setting1","status":"updated","oldValue":"Some value","newValue":"Another value"},{"name":"setting2","status":"updated","oldValue":200,"newValue":300},{"name":"setting3","status":"updated","oldValue":true,"newValue":"none"}]